C:/Users/ignac/uczelnia/inzynierka/GFX/GFXPrototype/Core/Src/main.c:755:6:StartDefaultTask	8	static
C:/Users/ignac/uczelnia/inzynierka/GFX/GFXPrototype/Core/Src/main.c:241:6:SystemClock_Config	88	static
C:/Users/ignac/uczelnia/inzynierka/GFX/GFXPrototype/Core/Src/main.c:686:6:GetManufacturerId	72	static
C:/Users/ignac/uczelnia/inzynierka/GFX/GFXPrototype/Core/Src/main.c:716:6:EnableMemoryMappedMode	72	static
C:/Users/ignac/uczelnia/inzynierka/GFX/GFXPrototype/Core/Src/main.c:134:5:main	120	static,ignoring_inline_asm
C:/Users/ignac/uczelnia/inzynierka/GFX/GFXPrototype/Core/Src/main.c:811:6:HAL_TIM_PeriodElapsedCallback	0	static
C:/Users/ignac/uczelnia/inzynierka/GFX/GFXPrototype/Core/Src/main.c:829:6:Error_Handler	0	static
