C:/Users/ignac/uczelnia/inzynierka/GFX/GFXPrototype/TouchGFX/gui/src/model/Model.cpp:3:1:Model::Model()	0	static
C:/Users/ignac/uczelnia/inzynierka/GFX/GFXPrototype/TouchGFX/gui/src/model/Model.cpp:7:6:void Model::tick()	0	static
C:/Users/ignac/uczelnia/inzynierka/GFX/GFXPrototype/TouchGFX/gui/src/model/Model.cpp:13:6:void Model::setToggle1State(bool)	0	static
C:/Users/ignac/uczelnia/inzynierka/GFX/GFXPrototype/TouchGFX/gui/src/model/Model.cpp:18:6:bool Model::getToggle1State() const	0	static
C:/Users/ignac/uczelnia/inzynierka/GFX/GFXPrototype/TouchGFX/gui/src/model/Model.cpp:25:6:void Model::setToggle2State(bool)	0	static
C:/Users/ignac/uczelnia/inzynierka/GFX/GFXPrototype/TouchGFX/gui/src/model/Model.cpp:30:6:bool Model::getToggle2State() const	0	static
C:/Users/ignac/uczelnia/inzynierka/GFX/GFXPrototype/TouchGFX/gui/src/model/Model.cpp:38:6:void Model::setToggle3State(bool)	0	static
C:/Users/ignac/uczelnia/inzynierka/GFX/GFXPrototype/TouchGFX/gui/src/model/Model.cpp:43:6:bool Model::getToggle3State() const	0	static
C:/Users/ignac/uczelnia/inzynierka/GFX/GFXPrototype/TouchGFX/gui/src/model/Model.cpp:50:6:void Model::setToggle4State(bool)	0	static
C:/Users/ignac/uczelnia/inzynierka/GFX/GFXPrototype/TouchGFX/gui/src/model/Model.cpp:55:6:bool Model::getToggle4State() const	0	static
