../../Middlewares/ST/touchgfx/framework/include/touchgfx/Screen.hpp:104:18:virtual void touchgfx::Screen::afterTransition()	0	static
C:/Users/ignac/uczelnia/inzynierka/GFX/GFXPrototype/TouchGFX/gui/src/screen1_screen/Screen1View.cpp:21:6:virtual void Screen1View::tearDownScreen()	0	static
../../TouchGFX/gui/include/gui/screen1_screen/Screen1View.hpp:10:13:Screen1View::~Screen1View()	8	static
../../TouchGFX/gui/include/gui/screen1_screen/Screen1View.hpp:10:13:virtual Screen1View::~Screen1View()	8	static
C:/Users/ignac/uczelnia/inzynierka/GFX/GFXPrototype/TouchGFX/gui/src/screen1_screen/Screen1View.cpp:7:1:Screen1View::Screen1View()	8	static
C:/Users/ignac/uczelnia/inzynierka/GFX/GFXPrototype/TouchGFX/gui/src/screen1_screen/Screen1View.cpp:79:6:virtual void Screen1View::handleTickEvent()	8	static
C:/Users/ignac/uczelnia/inzynierka/GFX/GFXPrototype/TouchGFX/gui/src/screen1_screen/Screen1View.cpp:91:6:void Screen1View::updateSpeedDisplay()	16	static
C:/Users/ignac/uczelnia/inzynierka/GFX/GFXPrototype/TouchGFX/gui/src/screen1_screen/Screen1View.cpp:100:6:void Screen1View::updateBallPosition()	16	static
C:/Users/ignac/uczelnia/inzynierka/GFX/GFXPrototype/TouchGFX/gui/src/screen1_screen/Screen1View.cpp:14:6:virtual void Screen1View::setupScreen()	8	static
C:/Users/ignac/uczelnia/inzynierka/GFX/GFXPrototype/TouchGFX/gui/src/screen1_screen/Screen1View.cpp:28:6:virtual void Screen1View::handleKeyEvent(uint8_t)	32	static
