../../Middlewares/ST/touchgfx/framework/include/touchgfx/Screen.hpp:104:18:virtual void touchgfx::Screen::afterTransition()	0	static
../../Middlewares/ST/touchgfx/framework/include/touchgfx/Screen.hpp:144:18:virtual void touchgfx::Screen::handleTickEvent()	0	static
../../Middlewares/ST/touchgfx/framework/include/touchgfx/Screen.hpp:154:18:virtual void touchgfx::Screen::handleKeyEvent(uint8_t)	0	static
C:/Users/ignac/uczelnia/inzynierka/GFX/GFXPrototype/TouchGFX/gui/src/screen3_screen/Screen3View.cpp:13:6:virtual void Screen3View::tearDownScreen()	0	static
../../TouchGFX/gui/include/gui/screen3_screen/Screen3View.hpp:11:13:Screen3View::~Screen3View()	8	static
../../TouchGFX/gui/include/gui/screen3_screen/Screen3View.hpp:11:13:virtual Screen3View::~Screen3View()	8	static
../../Middlewares/ST/touchgfx/framework/include/touchgfx/Bitmap.hpp:146:14:touchgfx::BitmapId touchgfx::Bitmap::getId() const	8	static
../../Middlewares/ST/touchgfx/framework/include/touchgfx/widgets/ToggleButton.hpp:58:10:bool touchgfx::ToggleButton::getState() const	8	static
C:/Users/ignac/uczelnia/inzynierka/GFX/GFXPrototype/TouchGFX/gui/src/screen3_screen/Screen3View.cpp:3:1:Screen3View::Screen3View()	8	static
C:/Users/ignac/uczelnia/inzynierka/GFX/GFXPrototype/TouchGFX/gui/src/screen3_screen/Screen3View.cpp:8:6:virtual void Screen3View::setupScreen()	0	static
C:/Users/ignac/uczelnia/inzynierka/GFX/GFXPrototype/TouchGFX/gui/src/screen3_screen/Screen3View.cpp:19:6:virtual void Screen3View::togglePressed1()	16	static
C:/Users/ignac/uczelnia/inzynierka/GFX/GFXPrototype/TouchGFX/gui/src/screen3_screen/Screen3View.cpp:28:6:virtual void Screen3View::togglePressed2()	16	static
C:/Users/ignac/uczelnia/inzynierka/GFX/GFXPrototype/TouchGFX/gui/src/screen3_screen/Screen3View.cpp:35:6:virtual void Screen3View::togglePressed3()	16	static
C:/Users/ignac/uczelnia/inzynierka/GFX/GFXPrototype/TouchGFX/gui/src/screen3_screen/Screen3View.cpp:42:6:virtual void Screen3View::togglePressed4()	16	static
C:/Users/ignac/uczelnia/inzynierka/GFX/GFXPrototype/TouchGFX/gui/src/screen3_screen/Screen3View.cpp:48:6:virtual void Screen3View::setToggleState(bool, bool, bool, bool)	32	static
