../../Middlewares/ST/touchgfx/framework/include/touchgfx/Screen.hpp:104:18:virtual void touchgfx::Screen::afterTransition()	0	static
C:/Users/ignac/uczelnia/inzynierka/GFX/GFXPrototype/TouchGFX/gui/src/screen2_screen/Screen2View.cpp:21:6:virtual void Screen2View::tearDownScreen()	0	static
../../TouchGFX/gui/include/gui/screen2_screen/Screen2View.hpp:10:13:Screen2View::~Screen2View()	8	static
../../TouchGFX/gui/include/gui/screen2_screen/Screen2View.hpp:10:13:virtual Screen2View::~Screen2View()	8	static
C:/Users/ignac/uczelnia/inzynierka/GFX/GFXPrototype/TouchGFX/gui/src/screen2_screen/Screen2View.cpp:7:1:Screen2View::Screen2View()	8	static
C:/Users/ignac/uczelnia/inzynierka/GFX/GFXPrototype/TouchGFX/gui/src/screen2_screen/Screen2View.cpp:79:6:virtual void Screen2View::handleTickEvent()	8	static
C:/Users/ignac/uczelnia/inzynierka/GFX/GFXPrototype/TouchGFX/gui/src/screen2_screen/Screen2View.cpp:91:6:void Screen2View::updateSpeedDisplay()	16	static
C:/Users/ignac/uczelnia/inzynierka/GFX/GFXPrototype/TouchGFX/gui/src/screen2_screen/Screen2View.cpp:100:6:void Screen2View::updateBallPosition()	16	static
C:/Users/ignac/uczelnia/inzynierka/GFX/GFXPrototype/TouchGFX/gui/src/screen2_screen/Screen2View.cpp:14:6:virtual void Screen2View::setupScreen()	8	static
C:/Users/ignac/uczelnia/inzynierka/GFX/GFXPrototype/TouchGFX/gui/src/screen2_screen/Screen2View.cpp:28:6:virtual void Screen2View::handleKeyEvent(uint8_t)	32	static
