../../TouchGFX/gui/include/gui/screen3_screen/Screen3Presenter.hpp:28:13:Screen3Presenter::~Screen3Presenter()	0	static
C:/Users/ignac/uczelnia/inzynierka/GFX/GFXPrototype/TouchGFX/gui/src/screen3_screen/Screen3Presenter.cpp:15:6:virtual void Screen3Presenter::deactivate()	0	static
../../TouchGFX/gui/include/gui/screen3_screen/Screen3Presenter.hpp:28:13:virtual Screen3Presenter::~Screen3Presenter()	8	static
C:/Users/ignac/uczelnia/inzynierka/GFX/GFXPrototype/TouchGFX/gui/src/screen3_screen/Screen3Presenter.cpp:10:6:virtual void Screen3Presenter::activate()	40	static
C:/Users/ignac/uczelnia/inzynierka/GFX/GFXPrototype/TouchGFX/gui/src/screen3_screen/Screen3Presenter.cpp:20:6:virtual void Screen3Presenter::saveToggle1State(bool)	0	static
C:/Users/ignac/uczelnia/inzynierka/GFX/GFXPrototype/TouchGFX/gui/src/screen3_screen/Screen3Presenter.cpp:31:6:virtual void Screen3Presenter::saveToggle2State(bool)	0	static
C:/Users/ignac/uczelnia/inzynierka/GFX/GFXPrototype/TouchGFX/gui/src/screen3_screen/Screen3Presenter.cpp:43:6:virtual void Screen3Presenter::saveToggle3State(bool)	0	static
C:/Users/ignac/uczelnia/inzynierka/GFX/GFXPrototype/TouchGFX/gui/src/screen3_screen/Screen3Presenter.cpp:55:6:virtual void Screen3Presenter::saveToggle4State(bool)	0	static
../../TouchGFX/gui/include/gui/screen3_screen/Screen3Presenter.hpp:28:13:virtual void* Screen3Presenter::_ZThn4_N16Screen3PresenterD1Ev()	0	static
C:/Users/ignac/uczelnia/inzynierka/GFX/GFXPrototype/TouchGFX/gui/src/screen3_screen/Screen3Presenter.cpp:4:1:Screen3Presenter::Screen3Presenter(Screen3View&)	0	static
C:/Users/ignac/uczelnia/inzynierka/GFX/GFXPrototype/TouchGFX/gui/src/screen3_screen/Screen3Presenter.cpp:23:6:bool Screen3Presenter::getToggle1State() const	0	static
C:/Users/ignac/uczelnia/inzynierka/GFX/GFXPrototype/TouchGFX/gui/src/screen3_screen/Screen3Presenter.cpp:36:6:bool Screen3Presenter::getToggle2State() const	0	static
C:/Users/ignac/uczelnia/inzynierka/GFX/GFXPrototype/TouchGFX/gui/src/screen3_screen/Screen3Presenter.cpp:48:6:bool Screen3Presenter::getToggle3State() const	0	static
C:/Users/ignac/uczelnia/inzynierka/GFX/GFXPrototype/TouchGFX/gui/src/screen3_screen/Screen3Presenter.cpp:60:6:bool Screen3Presenter::getToggle4State() const	0	static
